Component: ARM Compiler 5.06 update 6 (build 750) Tool: armlink [4d35ed]

==============================================================================

Section Cross References

    startup_stm32f103xb.o(RESET) refers to startup_stm32f103xb.o(STACK) for __initial_sp
    startup_stm32f103xb.o(RESET) refers to startup_stm32f103xb.o(.text) for Reset_Handler
    startup_stm32f103xb.o(RESET) refers to stm32f1xx_it.o(i.NMI_Handler) for NMI_Handler
    startup_stm32f103xb.o(RESET) refers to stm32f1xx_it.o(i.HardFault_Handler) for HardFault_Handler
    startup_stm32f103xb.o(RESET) refers to stm32f1xx_it.o(i.MemManage_Handler) for MemManage_Handler
    startup_stm32f103xb.o(RESET) refers to stm32f1xx_it.o(i.BusFault_Handler) for BusFault_Handler
    startup_stm32f103xb.o(RESET) refers to stm32f1xx_it.o(i.UsageFault_Handler) for UsageFault_Handler
    startup_stm32f103xb.o(RESET) refers to stm32f1xx_it.o(i.SVC_Handler) for SVC_Handler
    startup_stm32f103xb.o(RESET) refers to stm32f1xx_it.o(i.DebugMon_Handler) for DebugMon_Handler
    startup_stm32f103xb.o(RESET) refers to stm32f1xx_it.o(i.PendSV_Handler) for PendSV_Handler
    startup_stm32f103xb.o(RESET) refers to stm32f1xx_it.o(i.SysTick_Handler) for SysTick_Handler
    startup_stm32f103xb.o(RESET) refers to stm32f1xx_it.o(i.DMA1_Channel1_IRQHandler) for DMA1_Channel1_IRQHandler
    startup_stm32f103xb.o(RESET) refers to stm32f1xx_it.o(i.DMA1_Channel3_IRQHandler) for DMA1_Channel3_IRQHandler
    startup_stm32f103xb.o(RESET) refers to stm32f1xx_it.o(i.TIM4_IRQHandler) for TIM4_IRQHandler
    startup_stm32f103xb.o(.text) refers to system_stm32f1xx.o(i.SystemInit) for SystemInit
    startup_stm32f103xb.o(.text) refers to entry.o(.ARM.Collect$$$$00000000) for __main
    ws2812b.o(i.LL_DMA_EnableChannel) refers to ws2812b.o(.constdata) for CHANNEL_OFFSET_TAB
    ws2812b.o(i.LL_DMA_SetDataLength) refers to ws2812b.o(.constdata) for CHANNEL_OFFSET_TAB
    ws2812b.o(i.RefreshMatrix) refers to ws2812b.o(i.LL_DMA_SetDataLength) for LL_DMA_SetDataLength
    ws2812b.o(i.RefreshMatrix) refers to ws2812b.o(i.LL_DMA_EnableChannel) for LL_DMA_EnableChannel
    ws2812b.o(i.RefreshMatrix) refers to ws2812b.o(i.LL_TIM_CC_EnableChannel) for LL_TIM_CC_EnableChannel
    ws2812b.o(i.WS2812Init) refers to ws2812b.o(i.LL_DMA_SetDataLength) for LL_DMA_SetDataLength
    ws2812b.o(i.WS2812Init) refers to ws2812b.o(i.LL_DMA_EnableChannel) for LL_DMA_EnableChannel
    ws2812b.o(i.WS2812Init) refers to ws2812b.o(i.LL_TIM_CC_EnableChannel) for LL_TIM_CC_EnableChannel
    ws2812b.o(i.WS2812Init) refers to stm32f1xx_ll_utils.o(i.LL_mDelay) for LL_mDelay
    ws2812b.o(i.WS2812Init) refers to ws2812b.o(i.setPixel) for setPixel
    ws2812b.o(i.WS2812Init) refers to ws2812b.o(i.RefreshMatrix) for RefreshMatrix
    ws2812b.o(i.WS2812Init) refers to ws2812b.o(.constdata) for CHANNEL_OFFSET_TAB
    ws2812b.o(i.WS2812Init) refers to ws2812b.o(.bss) for MatrixSource
    ws2812b.o(i.setPixel) refers to ws2812b.o(.bss) for MatrixSource
    lights.o(i.Both_Light) refers to ws2812b.o(i.setPixel) for setPixel
    lights.o(i.Both_Light) refers to ws2812b.o(i.RefreshMatrix) for RefreshMatrix
    lights.o(i.Both_Light) refers to lights.o(i.Left_Light) for Left_Light
    lights.o(i.Both_Light) refers to lights.o(.data) for pix
    lights.o(i.Left_Light) refers to ws2812b.o(i.setPixel) for setPixel
    lights.o(i.Left_Light) refers to ws2812b.o(i.RefreshMatrix) for RefreshMatrix
    lights.o(i.Left_Light) refers to lights.o(.data) for pix
    lights.o(i.Lights_By_Timer) refers to lights.o(i.Left_Light) for Left_Light
    lights.o(i.Lights_By_Timer) refers to lights.o(i.Right_Light) for Right_Light
    lights.o(i.Lights_By_Timer) refers to lights.o(i.Both_Light) for Both_Light
    lights.o(i.Lights_By_Timer) refers to lights.o(.data) for current_mode
    lights.o(i.Lights_Init) refers to ws2812b.o(i.WS2812Init) for WS2812Init
    lights.o(i.Lights_Init) refers to lights.o(i.Set_Stop_Level) for Set_Stop_Level
    lights.o(i.Right_Light) refers to ws2812b.o(i.setPixel) for setPixel
    lights.o(i.Right_Light) refers to ws2812b.o(i.RefreshMatrix) for RefreshMatrix
    lights.o(i.Right_Light) refers to lights.o(.data) for pix
    lights.o(i.Set_Stop_Level) refers to ws2812b.o(i.setPixel) for setPixel
    lights.o(i.Set_Stop_Level) refers to ws2812b.o(i.RefreshMatrix) for RefreshMatrix
    lights.o(i.Stop_Off) refers to lights.o(i.Set_Stop_Level) for Set_Stop_Level
    lights.o(i.Stop_Off) refers to lights.o(.data) for Stop_Off_Level
    lights.o(i.Stop_On) refers to lights.o(i.Set_Stop_Level) for Set_Stop_Level
    lights.o(i.Stop_On) refers to lights.o(.data) for Stop_On_Level
    lights.o(i.Turn_Off) refers to ws2812b.o(i.setPixel) for setPixel
    lights.o(i.Turn_Off) refers to ws2812b.o(i.RefreshMatrix) for RefreshMatrix
    lights.o(i.Turn_Off) refers to lights.o(.data) for led_count
    lights.o(i.Turn_On_Both) refers to lights.o(i.Turn_Off) for Turn_Off
    lights.o(i.Turn_On_Both) refers to lights.o(i.Lights_By_Timer) for Lights_By_Timer
    lights.o(i.Turn_On_Both) refers to lights.o(.data) for current_mode
    lights.o(i.Turn_On_Left) refers to lights.o(i.Turn_Off) for Turn_Off
    lights.o(i.Turn_On_Left) refers to lights.o(i.Lights_By_Timer) for Lights_By_Timer
    lights.o(i.Turn_On_Left) refers to lights.o(.data) for current_mode
    lights.o(i.Turn_On_Right) refers to lights.o(i.Turn_Off) for Turn_Off
    lights.o(i.Turn_On_Right) refers to lights.o(i.Lights_By_Timer) for Lights_By_Timer
    lights.o(i.Turn_On_Right) refers to lights.o(.data) for current_mode
    main.o(i.LL_DMA_SetChannelPriorityLevel) refers to main.o(.constdata) for CHANNEL_OFFSET_TAB
    main.o(i.LL_DMA_SetDataTransferDirection) refers to main.o(.constdata) for CHANNEL_OFFSET_TAB
    main.o(i.LL_DMA_SetMemoryIncMode) refers to main.o(.constdata) for CHANNEL_OFFSET_TAB
    main.o(i.LL_DMA_SetMemorySize) refers to main.o(.constdata) for CHANNEL_OFFSET_TAB
    main.o(i.LL_DMA_SetMode) refers to main.o(.constdata) for CHANNEL_OFFSET_TAB
    main.o(i.LL_DMA_SetPeriphIncMode) refers to main.o(.constdata) for CHANNEL_OFFSET_TAB
    main.o(i.LL_DMA_SetPeriphSize) refers to main.o(.constdata) for CHANNEL_OFFSET_TAB
    main.o(i.LL_TIM_OC_DisableFast) refers to main.o(.constdata) for OFFSET_TAB_CCMRx
    main.o(i.LL_TIM_OC_EnablePreload) refers to main.o(.constdata) for OFFSET_TAB_CCMRx
    main.o(i.MX_ADC1_Init) refers to memseta.o(.text) for __aeabi_memclr4
    main.o(i.MX_ADC1_Init) refers to main.o(i.LL_APB2_GRP1_EnableClock) for LL_APB2_GRP1_EnableClock
    main.o(i.MX_ADC1_Init) refers to stm32f1xx_ll_gpio.o(i.LL_GPIO_Init) for LL_GPIO_Init
    main.o(i.MX_ADC1_Init) refers to main.o(i.LL_DMA_SetDataTransferDirection) for LL_DMA_SetDataTransferDirection
    main.o(i.MX_ADC1_Init) refers to main.o(i.LL_DMA_SetChannelPriorityLevel) for LL_DMA_SetChannelPriorityLevel
    main.o(i.MX_ADC1_Init) refers to main.o(i.LL_DMA_SetMode) for LL_DMA_SetMode
    main.o(i.MX_ADC1_Init) refers to main.o(i.LL_DMA_SetPeriphIncMode) for LL_DMA_SetPeriphIncMode
    main.o(i.MX_ADC1_Init) refers to main.o(i.LL_DMA_SetMemoryIncMode) for LL_DMA_SetMemoryIncMode
    main.o(i.MX_ADC1_Init) refers to main.o(i.LL_DMA_SetPeriphSize) for LL_DMA_SetPeriphSize
    main.o(i.MX_ADC1_Init) refers to main.o(i.LL_DMA_SetMemorySize) for LL_DMA_SetMemorySize
    main.o(i.MX_ADC1_Init) refers to stm32f1xx_ll_adc.o(i.LL_ADC_Init) for LL_ADC_Init
    main.o(i.MX_ADC1_Init) refers to stm32f1xx_ll_adc.o(i.LL_ADC_CommonInit) for LL_ADC_CommonInit
    main.o(i.MX_ADC1_Init) refers to stm32f1xx_ll_adc.o(i.LL_ADC_REG_Init) for LL_ADC_REG_Init
    main.o(i.MX_ADC1_Init) refers to main.o(i.LL_ADC_REG_SetSequencerRanks) for LL_ADC_REG_SetSequencerRanks
    main.o(i.MX_ADC1_Init) refers to main.o(i.LL_ADC_SetChannelSamplingTime) for LL_ADC_SetChannelSamplingTime
    main.o(i.MX_DMA_Init) refers to main.o(i.__NVIC_GetPriorityGrouping) for __NVIC_GetPriorityGrouping
    main.o(i.MX_DMA_Init) refers to main.o(i.NVIC_EncodePriority) for NVIC_EncodePriority
    main.o(i.MX_DMA_Init) refers to main.o(i.__NVIC_SetPriority) for __NVIC_SetPriority
    main.o(i.MX_DMA_Init) refers to main.o(i.__NVIC_EnableIRQ) for __NVIC_EnableIRQ
    main.o(i.MX_GPIO_Init) refers to memseta.o(.text) for __aeabi_memclr4
    main.o(i.MX_GPIO_Init) refers to main.o(i.LL_APB2_GRP1_EnableClock) for LL_APB2_GRP1_EnableClock
    main.o(i.MX_GPIO_Init) refers to stm32f1xx_ll_gpio.o(i.LL_GPIO_Init) for LL_GPIO_Init
    main.o(i.MX_TIM3_Init) refers to memseta.o(.text) for __aeabi_memclr4
    main.o(i.MX_TIM3_Init) refers to main.o(i.LL_APB1_GRP1_EnableClock) for LL_APB1_GRP1_EnableClock
    main.o(i.MX_TIM3_Init) refers to main.o(i.LL_DMA_SetDataTransferDirection) for LL_DMA_SetDataTransferDirection
    main.o(i.MX_TIM3_Init) refers to main.o(i.LL_DMA_SetChannelPriorityLevel) for LL_DMA_SetChannelPriorityLevel
    main.o(i.MX_TIM3_Init) refers to main.o(i.LL_DMA_SetMode) for LL_DMA_SetMode
    main.o(i.MX_TIM3_Init) refers to main.o(i.LL_DMA_SetPeriphIncMode) for LL_DMA_SetPeriphIncMode
    main.o(i.MX_TIM3_Init) refers to main.o(i.LL_DMA_SetMemoryIncMode) for LL_DMA_SetMemoryIncMode
    main.o(i.MX_TIM3_Init) refers to main.o(i.LL_DMA_SetPeriphSize) for LL_DMA_SetPeriphSize
    main.o(i.MX_TIM3_Init) refers to main.o(i.LL_DMA_SetMemorySize) for LL_DMA_SetMemorySize
    main.o(i.MX_TIM3_Init) refers to stm32f1xx_ll_tim.o(i.LL_TIM_Init) for LL_TIM_Init
    main.o(i.MX_TIM3_Init) refers to main.o(i.LL_TIM_DisableARRPreload) for LL_TIM_DisableARRPreload
    main.o(i.MX_TIM3_Init) refers to main.o(i.LL_TIM_SetClockSource) for LL_TIM_SetClockSource
    main.o(i.MX_TIM3_Init) refers to main.o(i.LL_TIM_OC_EnablePreload) for LL_TIM_OC_EnablePreload
    main.o(i.MX_TIM3_Init) refers to stm32f1xx_ll_tim.o(i.LL_TIM_OC_Init) for LL_TIM_OC_Init
    main.o(i.MX_TIM3_Init) refers to main.o(i.LL_TIM_OC_DisableFast) for LL_TIM_OC_DisableFast
    main.o(i.MX_TIM3_Init) refers to main.o(i.LL_TIM_SetTriggerOutput) for LL_TIM_SetTriggerOutput
    main.o(i.MX_TIM3_Init) refers to main.o(i.LL_TIM_DisableMasterSlaveMode) for LL_TIM_DisableMasterSlaveMode
    main.o(i.MX_TIM3_Init) refers to main.o(i.LL_APB2_GRP1_EnableClock) for LL_APB2_GRP1_EnableClock
    main.o(i.MX_TIM3_Init) refers to stm32f1xx_ll_gpio.o(i.LL_GPIO_Init) for LL_GPIO_Init
    main.o(i.MX_TIM4_Init) refers to memseta.o(.text) for __aeabi_memclr4
    main.o(i.MX_TIM4_Init) refers to main.o(i.LL_APB1_GRP1_EnableClock) for LL_APB1_GRP1_EnableClock
    main.o(i.MX_TIM4_Init) refers to main.o(i.__NVIC_GetPriorityGrouping) for __NVIC_GetPriorityGrouping
    main.o(i.MX_TIM4_Init) refers to main.o(i.NVIC_EncodePriority) for NVIC_EncodePriority
    main.o(i.MX_TIM4_Init) refers to main.o(i.__NVIC_SetPriority) for __NVIC_SetPriority
    main.o(i.MX_TIM4_Init) refers to main.o(i.__NVIC_EnableIRQ) for __NVIC_EnableIRQ
    main.o(i.MX_TIM4_Init) refers to stm32f1xx_ll_tim.o(i.LL_TIM_Init) for LL_TIM_Init
    main.o(i.MX_TIM4_Init) refers to main.o(i.LL_TIM_DisableARRPreload) for LL_TIM_DisableARRPreload
    main.o(i.MX_TIM4_Init) refers to main.o(i.LL_TIM_SetClockSource) for LL_TIM_SetClockSource
    main.o(i.MX_TIM4_Init) refers to main.o(i.LL_TIM_SetTriggerOutput) for LL_TIM_SetTriggerOutput
    main.o(i.MX_TIM4_Init) refers to main.o(i.LL_TIM_DisableMasterSlaveMode) for LL_TIM_DisableMasterSlaveMode
    main.o(i.SystemClock_Config) refers to main.o(i.Error_Handler) for Error_Handler
    main.o(i.SystemClock_Config) refers to stm32f1xx_ll_utils.o(i.LL_Init1msTick) for LL_Init1msTick
    main.o(i.SystemClock_Config) refers to stm32f1xx_ll_utils.o(i.LL_SetSystemCoreClock) for LL_SetSystemCoreClock
    main.o(i.main) refers to main.o(i.LL_APB2_GRP1_EnableClock) for LL_APB2_GRP1_EnableClock
    main.o(i.main) refers to main.o(i.LL_APB1_GRP1_EnableClock) for LL_APB1_GRP1_EnableClock
    main.o(i.main) refers to main.o(i.SystemClock_Config) for SystemClock_Config
    main.o(i.main) refers to main.o(i.MX_GPIO_Init) for MX_GPIO_Init
    main.o(i.main) refers to main.o(i.MX_DMA_Init) for MX_DMA_Init
    main.o(i.main) refers to main.o(i.MX_TIM3_Init) for MX_TIM3_Init
    main.o(i.main) refers to main.o(i.MX_TIM4_Init) for MX_TIM4_Init
    main.o(i.main) refers to main.o(i.MX_ADC1_Init) for MX_ADC1_Init
    main.o(i.main) refers to ws2812b.o(i.WS2812Init) for WS2812Init
    main.o(i.main) refers to lights.o(i.Lights_Init) for Lights_Init
    main.o(i.main) refers to main.o(i.LL_GPIO_IsInputPinSet) for LL_GPIO_IsInputPinSet
    main.o(i.main) refers to lights.o(i.Turn_On_Left) for Turn_On_Left
    main.o(i.main) refers to lights.o(i.Turn_On_Right) for Turn_On_Right
    main.o(i.main) refers to lights.o(i.Turn_On_Both) for Turn_On_Both
    main.o(i.main) refers to lights.o(i.Turn_Off) for Turn_Off
    main.o(i.main) refers to lights.o(i.Stop_On) for Stop_On
    main.o(i.main) refers to lights.o(i.Stop_Off) for Stop_Off
    stm32f1xx_it.o(i.DMA1_Channel3_IRQHandler) refers to stm32f1xx_it.o(.constdata) for CHANNEL_OFFSET_TAB
    stm32f1xx_it.o(i.TIM4_IRQHandler) refers to lights.o(i.Lights_By_Timer) for Lights_By_Timer
    stm32f1xx_ll_gpio.o(i.LL_GPIO_DeInit) refers to stm32f1xx_ll_gpio.o(i.LL_APB2_GRP1_ForceReset) for LL_APB2_GRP1_ForceReset
    stm32f1xx_ll_gpio.o(i.LL_GPIO_DeInit) refers to stm32f1xx_ll_gpio.o(i.LL_APB2_GRP1_ReleaseReset) for LL_APB2_GRP1_ReleaseReset
    stm32f1xx_ll_adc.o(i.LL_ADC_CommonInit) refers to stm32f1xx_ll_adc.o(i.LL_ADC_IsEnabled) for LL_ADC_IsEnabled
    stm32f1xx_ll_adc.o(i.LL_ADC_DeInit) refers to stm32f1xx_ll_adc.o(i.LL_ADC_IsEnabled) for LL_ADC_IsEnabled
    stm32f1xx_ll_adc.o(i.LL_ADC_INJ_Init) refers to stm32f1xx_ll_adc.o(i.LL_ADC_IsEnabled) for LL_ADC_IsEnabled
    stm32f1xx_ll_adc.o(i.LL_ADC_Init) refers to stm32f1xx_ll_adc.o(i.LL_ADC_IsEnabled) for LL_ADC_IsEnabled
    stm32f1xx_ll_adc.o(i.LL_ADC_REG_Init) refers to stm32f1xx_ll_adc.o(i.LL_ADC_IsEnabled) for LL_ADC_IsEnabled
    stm32f1xx_ll_dma.o(i.LL_DMA_Init) refers to stm32f1xx_ll_dma.o(.constdata) for CHANNEL_OFFSET_TAB
    stm32f1xx_ll_rcc.o(i.LL_RCC_DeInit) refers to stm32f1xx_ll_rcc.o(i.LL_RCC_PLL_IsReady) for LL_RCC_PLL_IsReady
    stm32f1xx_ll_rcc.o(i.LL_RCC_GetADCClockFreq) refers to stm32f1xx_ll_rcc.o(i.RCC_GetSystemClockFreq) for RCC_GetSystemClockFreq
    stm32f1xx_ll_rcc.o(i.LL_RCC_GetADCClockFreq) refers to stm32f1xx_ll_rcc.o(i.RCC_GetHCLKClockFreq) for RCC_GetHCLKClockFreq
    stm32f1xx_ll_rcc.o(i.LL_RCC_GetADCClockFreq) refers to stm32f1xx_ll_rcc.o(i.RCC_GetPCLK2ClockFreq) for RCC_GetPCLK2ClockFreq
    stm32f1xx_ll_rcc.o(i.LL_RCC_GetSystemClocksFreq) refers to stm32f1xx_ll_rcc.o(i.RCC_GetSystemClockFreq) for RCC_GetSystemClockFreq
    stm32f1xx_ll_rcc.o(i.LL_RCC_GetSystemClocksFreq) refers to stm32f1xx_ll_rcc.o(i.RCC_GetHCLKClockFreq) for RCC_GetHCLKClockFreq
    stm32f1xx_ll_rcc.o(i.LL_RCC_GetSystemClocksFreq) refers to stm32f1xx_ll_rcc.o(i.RCC_GetPCLK1ClockFreq) for RCC_GetPCLK1ClockFreq
    stm32f1xx_ll_rcc.o(i.LL_RCC_GetSystemClocksFreq) refers to stm32f1xx_ll_rcc.o(i.RCC_GetPCLK2ClockFreq) for RCC_GetPCLK2ClockFreq
    stm32f1xx_ll_rcc.o(i.LL_RCC_GetUSBClockFreq) refers to stm32f1xx_ll_rcc.o(i.LL_RCC_PLL_IsReady) for LL_RCC_PLL_IsReady
    stm32f1xx_ll_rcc.o(i.LL_RCC_GetUSBClockFreq) refers to stm32f1xx_ll_rcc.o(i.RCC_PLL_GetFreqDomain_SYS) for RCC_PLL_GetFreqDomain_SYS
    stm32f1xx_ll_rcc.o(i.RCC_GetHCLKClockFreq) refers to system_stm32f1xx.o(.constdata) for AHBPrescTable
    stm32f1xx_ll_rcc.o(i.RCC_GetPCLK1ClockFreq) refers to system_stm32f1xx.o(.constdata) for APBPrescTable
    stm32f1xx_ll_rcc.o(i.RCC_GetPCLK2ClockFreq) refers to system_stm32f1xx.o(.constdata) for APBPrescTable
    stm32f1xx_ll_rcc.o(i.RCC_GetSystemClockFreq) refers to stm32f1xx_ll_rcc.o(i.RCC_PLL_GetFreqDomain_SYS) for RCC_PLL_GetFreqDomain_SYS
    stm32f1xx_ll_utils.o(i.LL_PLL_ConfigSystemClock_HSE) refers to stm32f1xx_ll_utils.o(i.UTILS_PLL_IsBusy) for UTILS_PLL_IsBusy
    stm32f1xx_ll_utils.o(i.LL_PLL_ConfigSystemClock_HSE) refers to stm32f1xx_ll_utils.o(i.UTILS_GetPLLOutputFrequency) for UTILS_GetPLLOutputFrequency
    stm32f1xx_ll_utils.o(i.LL_PLL_ConfigSystemClock_HSE) refers to stm32f1xx_ll_utils.o(i.LL_RCC_HSE_IsReady) for LL_RCC_HSE_IsReady
    stm32f1xx_ll_utils.o(i.LL_PLL_ConfigSystemClock_HSE) refers to stm32f1xx_ll_utils.o(i.LL_RCC_PLL_ConfigDomain_SYS) for LL_RCC_PLL_ConfigDomain_SYS
    stm32f1xx_ll_utils.o(i.LL_PLL_ConfigSystemClock_HSE) refers to stm32f1xx_ll_utils.o(i.UTILS_EnablePLLAndSwitchSystem) for UTILS_EnablePLLAndSwitchSystem
    stm32f1xx_ll_utils.o(i.LL_PLL_ConfigSystemClock_HSI) refers to stm32f1xx_ll_utils.o(i.UTILS_PLL_IsBusy) for UTILS_PLL_IsBusy
    stm32f1xx_ll_utils.o(i.LL_PLL_ConfigSystemClock_HSI) refers to stm32f1xx_ll_utils.o(i.UTILS_GetPLLOutputFrequency) for UTILS_GetPLLOutputFrequency
    stm32f1xx_ll_utils.o(i.LL_PLL_ConfigSystemClock_HSI) refers to stm32f1xx_ll_utils.o(i.LL_RCC_HSI_IsReady) for LL_RCC_HSI_IsReady
    stm32f1xx_ll_utils.o(i.LL_PLL_ConfigSystemClock_HSI) refers to stm32f1xx_ll_utils.o(i.LL_RCC_PLL_ConfigDomain_SYS) for LL_RCC_PLL_ConfigDomain_SYS
    stm32f1xx_ll_utils.o(i.LL_PLL_ConfigSystemClock_HSI) refers to stm32f1xx_ll_utils.o(i.UTILS_EnablePLLAndSwitchSystem) for UTILS_EnablePLLAndSwitchSystem
    stm32f1xx_ll_utils.o(i.LL_SetSystemCoreClock) refers to system_stm32f1xx.o(.data) for SystemCoreClock
    stm32f1xx_ll_utils.o(i.UTILS_EnablePLLAndSwitchSystem) refers to stm32f1xx_ll_utils.o(i.UTILS_SetFlashLatency) for UTILS_SetFlashLatency
    stm32f1xx_ll_utils.o(i.UTILS_EnablePLLAndSwitchSystem) refers to stm32f1xx_ll_utils.o(i.LL_RCC_PLL_IsReady) for LL_RCC_PLL_IsReady
    stm32f1xx_ll_utils.o(i.UTILS_EnablePLLAndSwitchSystem) refers to stm32f1xx_ll_utils.o(i.LL_SetSystemCoreClock) for LL_SetSystemCoreClock
    stm32f1xx_ll_utils.o(i.UTILS_EnablePLLAndSwitchSystem) refers to system_stm32f1xx.o(.constdata) for AHBPrescTable
    stm32f1xx_ll_utils.o(i.UTILS_EnablePLLAndSwitchSystem) refers to system_stm32f1xx.o(.data) for SystemCoreClock
    stm32f1xx_ll_utils.o(i.UTILS_PLL_IsBusy) refers to stm32f1xx_ll_utils.o(i.LL_RCC_PLL_IsReady) for LL_RCC_PLL_IsReady
    stm32f1xx_ll_exti.o(i.LL_EXTI_Init) refers to stm32f1xx_ll_exti.o(i.LL_EXTI_DisableEvent_0_31) for LL_EXTI_DisableEvent_0_31
    stm32f1xx_ll_exti.o(i.LL_EXTI_Init) refers to stm32f1xx_ll_exti.o(i.LL_EXTI_EnableIT_0_31) for LL_EXTI_EnableIT_0_31
    stm32f1xx_ll_exti.o(i.LL_EXTI_Init) refers to stm32f1xx_ll_exti.o(i.LL_EXTI_DisableIT_0_31) for LL_EXTI_DisableIT_0_31
    stm32f1xx_ll_exti.o(i.LL_EXTI_Init) refers to stm32f1xx_ll_exti.o(i.LL_EXTI_EnableEvent_0_31) for LL_EXTI_EnableEvent_0_31
    stm32f1xx_ll_exti.o(i.LL_EXTI_Init) refers to stm32f1xx_ll_exti.o(i.LL_EXTI_EnableRisingTrig_0_31) for LL_EXTI_EnableRisingTrig_0_31
    stm32f1xx_ll_exti.o(i.LL_EXTI_Init) refers to stm32f1xx_ll_exti.o(i.LL_EXTI_EnableFallingTrig_0_31) for LL_EXTI_EnableFallingTrig_0_31
    stm32f1xx_ll_tim.o(i.LL_TIM_DeInit) refers to stm32f1xx_ll_tim.o(i.LL_APB1_GRP1_ForceReset) for LL_APB1_GRP1_ForceReset
    stm32f1xx_ll_tim.o(i.LL_TIM_DeInit) refers to stm32f1xx_ll_tim.o(i.LL_APB1_GRP1_ReleaseReset) for LL_APB1_GRP1_ReleaseReset
    stm32f1xx_ll_tim.o(i.LL_TIM_HALLSENSOR_Init) refers to stm32f1xx_ll_tim.o(i.LL_TIM_OC_SetCompareCH2) for LL_TIM_OC_SetCompareCH2
    stm32f1xx_ll_tim.o(i.LL_TIM_IC_Init) refers to stm32f1xx_ll_tim.o(i.IC1Config) for IC1Config
    stm32f1xx_ll_tim.o(i.LL_TIM_IC_Init) refers to stm32f1xx_ll_tim.o(i.IC2Config) for IC2Config
    stm32f1xx_ll_tim.o(i.LL_TIM_IC_Init) refers to stm32f1xx_ll_tim.o(i.IC3Config) for IC3Config
    stm32f1xx_ll_tim.o(i.LL_TIM_IC_Init) refers to stm32f1xx_ll_tim.o(i.IC4Config) for IC4Config
    stm32f1xx_ll_tim.o(i.LL_TIM_OC_Init) refers to stm32f1xx_ll_tim.o(i.OC1Config) for OC1Config
    stm32f1xx_ll_tim.o(i.LL_TIM_OC_Init) refers to stm32f1xx_ll_tim.o(i.OC2Config) for OC2Config
    stm32f1xx_ll_tim.o(i.LL_TIM_OC_Init) refers to stm32f1xx_ll_tim.o(i.OC3Config) for OC3Config
    stm32f1xx_ll_tim.o(i.LL_TIM_OC_Init) refers to stm32f1xx_ll_tim.o(i.OC4Config) for OC4Config
    stm32f1xx_ll_tim.o(i.OC2Config) refers to stm32f1xx_ll_tim.o(i.LL_TIM_OC_SetCompareCH2) for LL_TIM_OC_SetCompareCH2
    system_stm32f1xx.o(i.SystemCoreClockUpdate) refers to system_stm32f1xx.o(.data) for SystemCoreClock
    system_stm32f1xx.o(i.SystemCoreClockUpdate) refers to system_stm32f1xx.o(.constdata) for AHBPrescTable
    entry.o(.ARM.Collect$$$$00000000) refers (Special) to entry10a.o(.ARM.Collect$$$$0000000D) for __rt_final_cpp
    entry.o(.ARM.Collect$$$$00000000) refers (Special) to entry11a.o(.ARM.Collect$$$$0000000F) for __rt_final_exit
    entry.o(.ARM.Collect$$$$00000000) refers (Special) to entry7b.o(.ARM.Collect$$$$00000008) for _main_clock
    entry.o(.ARM.Collect$$$$00000000) refers (Special) to entry8b.o(.ARM.Collect$$$$0000000A) for _main_cpp_init
    entry.o(.ARM.Collect$$$$00000000) refers (Special) to entry9a.o(.ARM.Collect$$$$0000000B) for _main_init
    entry.o(.ARM.Collect$$$$00000000) refers (Special) to entry5.o(.ARM.Collect$$$$00000004) for _main_scatterload
    entry.o(.ARM.Collect$$$$00000000) refers (Special) to entry2.o(.ARM.Collect$$$$00000001) for _main_stk
    entry2.o(.ARM.Collect$$$$00000001) refers to entry2.o(.ARM.Collect$$$$00002712) for __lit__00000000
    entry2.o(.ARM.Collect$$$$00002712) refers to startup_stm32f103xb.o(STACK) for __initial_sp
    entry2.o(__vectab_stack_and_reset_area) refers to startup_stm32f103xb.o(STACK) for __initial_sp
    entry2.o(__vectab_stack_and_reset_area) refers to entry.o(.ARM.Collect$$$$00000000) for __main
    entry5.o(.ARM.Collect$$$$00000004) refers to init.o(.text) for __scatterload
    entry9a.o(.ARM.Collect$$$$0000000B) refers to main.o(i.main) for main
    entry9b.o(.ARM.Collect$$$$0000000C) refers to main.o(i.main) for main
    init.o(.text) refers to entry5.o(.ARM.Collect$$$$00000004) for __main_after_scatterload


==============================================================================

Removing Unused input sections from the image.

    Removing startup_stm32f103xb.o(HEAP), (512 bytes).
    Removing ws2812b.o(.rev16_text), (4 bytes).
    Removing ws2812b.o(.revsh_text), (4 bytes).
    Removing ws2812b.o(.rrx_text), (6 bytes).
    Removing lights.o(.rev16_text), (4 bytes).
    Removing lights.o(.revsh_text), (4 bytes).
    Removing lights.o(.rrx_text), (6 bytes).
    Removing lights.o(.constdata), (42 bytes).
    Removing main.o(.rev16_text), (4 bytes).
    Removing main.o(.revsh_text), (4 bytes).
    Removing main.o(.rrx_text), (6 bytes).
    Removing stm32f1xx_it.o(.rev16_text), (4 bytes).
    Removing stm32f1xx_it.o(.revsh_text), (4 bytes).
    Removing stm32f1xx_it.o(.rrx_text), (6 bytes).
    Removing stm32f1xx_ll_gpio.o(.rev16_text), (4 bytes).
    Removing stm32f1xx_ll_gpio.o(.revsh_text), (4 bytes).
    Removing stm32f1xx_ll_gpio.o(.rrx_text), (6 bytes).
    Removing stm32f1xx_ll_gpio.o(i.LL_APB2_GRP1_ForceReset), (16 bytes).
    Removing stm32f1xx_ll_gpio.o(i.LL_APB2_GRP1_ReleaseReset), (16 bytes).
    Removing stm32f1xx_ll_gpio.o(i.LL_GPIO_DeInit), (132 bytes).
    Removing stm32f1xx_ll_gpio.o(i.LL_GPIO_StructInit), (24 bytes).
    Removing stm32f1xx_ll_adc.o(.rev16_text), (4 bytes).
    Removing stm32f1xx_ll_adc.o(.revsh_text), (4 bytes).
    Removing stm32f1xx_ll_adc.o(.rrx_text), (6 bytes).
    Removing stm32f1xx_ll_adc.o(i.LL_ADC_CommonDeInit), (40 bytes).
    Removing stm32f1xx_ll_adc.o(i.LL_ADC_CommonStructInit), (6 bytes).
    Removing stm32f1xx_ll_adc.o(i.LL_ADC_DeInit), (204 bytes).
    Removing stm32f1xx_ll_adc.o(i.LL_ADC_INJ_Init), (90 bytes).
    Removing stm32f1xx_ll_adc.o(i.LL_ADC_INJ_StructInit), (16 bytes).
    Removing stm32f1xx_ll_adc.o(i.LL_ADC_REG_StructInit), (18 bytes).
    Removing stm32f1xx_ll_adc.o(i.LL_ADC_StructInit), (12 bytes).
    Removing stm32f1xx_ll_dma.o(.rev16_text), (4 bytes).
    Removing stm32f1xx_ll_dma.o(.revsh_text), (4 bytes).
    Removing stm32f1xx_ll_dma.o(.rrx_text), (6 bytes).
    Removing stm32f1xx_ll_dma.o(i.LL_DMA_DeInit), (252 bytes).
    Removing stm32f1xx_ll_dma.o(i.LL_DMA_Init), (120 bytes).
    Removing stm32f1xx_ll_dma.o(i.LL_DMA_StructInit), (24 bytes).
    Removing stm32f1xx_ll_dma.o(.constdata), (7 bytes).
    Removing stm32f1xx_ll_rcc.o(.rev16_text), (4 bytes).
    Removing stm32f1xx_ll_rcc.o(.revsh_text), (4 bytes).
    Removing stm32f1xx_ll_rcc.o(.rrx_text), (6 bytes).
    Removing stm32f1xx_ll_rcc.o(i.LL_RCC_DeInit), (152 bytes).
    Removing stm32f1xx_ll_rcc.o(i.LL_RCC_GetADCClockFreq), (68 bytes).
    Removing stm32f1xx_ll_rcc.o(i.LL_RCC_GetSystemClocksFreq), (36 bytes).
    Removing stm32f1xx_ll_rcc.o(i.LL_RCC_GetUSBClockFreq), (68 bytes).
    Removing stm32f1xx_ll_rcc.o(i.LL_RCC_PLL_IsReady), (16 bytes).
    Removing stm32f1xx_ll_rcc.o(i.RCC_GetHCLKClockFreq), (32 bytes).
    Removing stm32f1xx_ll_rcc.o(i.RCC_GetPCLK1ClockFreq), (36 bytes).
    Removing stm32f1xx_ll_rcc.o(i.RCC_GetPCLK2ClockFreq), (36 bytes).
    Removing stm32f1xx_ll_rcc.o(i.RCC_GetSystemClockFreq), (60 bytes).
    Removing stm32f1xx_ll_rcc.o(i.RCC_PLL_GetFreqDomain_SYS), (88 bytes).
    Removing stm32f1xx_ll_utils.o(.rev16_text), (4 bytes).
    Removing stm32f1xx_ll_utils.o(.revsh_text), (4 bytes).
    Removing stm32f1xx_ll_utils.o(.rrx_text), (6 bytes).
    Removing stm32f1xx_ll_utils.o(i.LL_PLL_ConfigSystemClock_HSE), (148 bytes).
    Removing stm32f1xx_ll_utils.o(i.LL_PLL_ConfigSystemClock_HSI), (104 bytes).
    Removing stm32f1xx_ll_utils.o(i.LL_RCC_HSE_IsReady), (16 bytes).
    Removing stm32f1xx_ll_utils.o(i.LL_RCC_HSI_IsReady), (16 bytes).
    Removing stm32f1xx_ll_utils.o(i.LL_RCC_PLL_ConfigDomain_SYS), (28 bytes).
    Removing stm32f1xx_ll_utils.o(i.LL_RCC_PLL_IsReady), (16 bytes).
    Removing stm32f1xx_ll_utils.o(i.UTILS_EnablePLLAndSwitchSystem), (216 bytes).
    Removing stm32f1xx_ll_utils.o(i.UTILS_GetPLLOutputFrequency), (32 bytes).
    Removing stm32f1xx_ll_utils.o(i.UTILS_PLL_IsBusy), (16 bytes).
    Removing stm32f1xx_ll_utils.o(i.UTILS_SetFlashLatency), (80 bytes).
    Removing stm32f1xx_ll_exti.o(.rev16_text), (4 bytes).
    Removing stm32f1xx_ll_exti.o(.revsh_text), (4 bytes).
    Removing stm32f1xx_ll_exti.o(.rrx_text), (6 bytes).
    Removing stm32f1xx_ll_exti.o(i.LL_EXTI_DeInit), (40 bytes).
    Removing stm32f1xx_ll_exti.o(i.LL_EXTI_DisableEvent_0_31), (16 bytes).
    Removing stm32f1xx_ll_exti.o(i.LL_EXTI_DisableIT_0_31), (16 bytes).
    Removing stm32f1xx_ll_exti.o(i.LL_EXTI_EnableEvent_0_31), (16 bytes).
    Removing stm32f1xx_ll_exti.o(i.LL_EXTI_EnableFallingTrig_0_31), (16 bytes).
    Removing stm32f1xx_ll_exti.o(i.LL_EXTI_EnableIT_0_31), (16 bytes).
    Removing stm32f1xx_ll_exti.o(i.LL_EXTI_EnableRisingTrig_0_31), (16 bytes).
    Removing stm32f1xx_ll_exti.o(i.LL_EXTI_Init), (188 bytes).
    Removing stm32f1xx_ll_exti.o(i.LL_EXTI_StructInit), (14 bytes).
    Removing stm32f1xx_ll_pwr.o(.rev16_text), (4 bytes).
    Removing stm32f1xx_ll_pwr.o(.revsh_text), (4 bytes).
    Removing stm32f1xx_ll_pwr.o(.rrx_text), (6 bytes).
    Removing stm32f1xx_ll_pwr.o(i.LL_PWR_DeInit), (36 bytes).
    Removing stm32f1xx_ll_tim.o(.rev16_text), (4 bytes).
    Removing stm32f1xx_ll_tim.o(.revsh_text), (4 bytes).
    Removing stm32f1xx_ll_tim.o(.rrx_text), (6 bytes).
    Removing stm32f1xx_ll_tim.o(i.IC1Config), (52 bytes).
    Removing stm32f1xx_ll_tim.o(i.IC2Config), (56 bytes).
    Removing stm32f1xx_ll_tim.o(i.IC3Config), (58 bytes).
    Removing stm32f1xx_ll_tim.o(i.IC4Config), (58 bytes).
    Removing stm32f1xx_ll_tim.o(i.LL_APB1_GRP1_ForceReset), (16 bytes).
    Removing stm32f1xx_ll_tim.o(i.LL_APB1_GRP1_ReleaseReset), (16 bytes).
    Removing stm32f1xx_ll_tim.o(i.LL_TIM_BDTR_Init), (82 bytes).
    Removing stm32f1xx_ll_tim.o(i.LL_TIM_BDTR_StructInit), (18 bytes).
    Removing stm32f1xx_ll_tim.o(i.LL_TIM_DeInit), (124 bytes).
    Removing stm32f1xx_ll_tim.o(i.LL_TIM_ENCODER_Init), (100 bytes).
    Removing stm32f1xx_ll_tim.o(i.LL_TIM_ENCODER_StructInit), (36 bytes).
    Removing stm32f1xx_ll_tim.o(i.LL_TIM_HALLSENSOR_Init), (114 bytes).
    Removing stm32f1xx_ll_tim.o(i.LL_TIM_HALLSENSOR_StructInit), (12 bytes).
    Removing stm32f1xx_ll_tim.o(i.LL_TIM_IC_Init), (92 bytes).
    Removing stm32f1xx_ll_tim.o(i.LL_TIM_IC_StructInit), (18 bytes).
    Removing stm32f1xx_ll_tim.o(i.LL_TIM_OC_StructInit), (20 bytes).
    Removing stm32f1xx_ll_tim.o(i.LL_TIM_StructInit), (18 bytes).
    Removing stm32f1xx_ll_tim.o(.constdata), (35 bytes).
    Removing system_stm32f1xx.o(.rev16_text), (4 bytes).
    Removing system_stm32f1xx.o(.revsh_text), (4 bytes).
    Removing system_stm32f1xx.o(.rrx_text), (6 bytes).
    Removing system_stm32f1xx.o(i.SystemCoreClockUpdate), (164 bytes).
    Removing system_stm32f1xx.o(.constdata), (24 bytes).

106 unused section(s) (total 4464 bytes) removed from the image.

==============================================================================

Image Symbol Table

    Local Symbols

    Symbol Name                              Value     Ov Type        Size  Object(Section)

    ../Drivers/STM32F1xx_HAL_Driver/Src/stm32f1xx_ll_adc.c 0x00000000   Number         0  stm32f1xx_ll_adc.o ABSOLUTE
    ../Drivers/STM32F1xx_HAL_Driver/Src/stm32f1xx_ll_dma.c 0x00000000   Number         0  stm32f1xx_ll_dma.o ABSOLUTE
    ../Drivers/STM32F1xx_HAL_Driver/Src/stm32f1xx_ll_exti.c 0x00000000   Number         0  stm32f1xx_ll_exti.o ABSOLUTE
    ../Drivers/STM32F1xx_HAL_Driver/Src/stm32f1xx_ll_gpio.c 0x00000000   Number         0  stm32f1xx_ll_gpio.o ABSOLUTE
    ../Drivers/STM32F1xx_HAL_Driver/Src/stm32f1xx_ll_pwr.c 0x00000000   Number         0  stm32f1xx_ll_pwr.o ABSOLUTE
    ../Drivers/STM32F1xx_HAL_Driver/Src/stm32f1xx_ll_rcc.c 0x00000000   Number         0  stm32f1xx_ll_rcc.o ABSOLUTE
    ../Drivers/STM32F1xx_HAL_Driver/Src/stm32f1xx_ll_tim.c 0x00000000   Number         0  stm32f1xx_ll_tim.o ABSOLUTE
    ../Drivers/STM32F1xx_HAL_Driver/Src/stm32f1xx_ll_utils.c 0x00000000   Number         0  stm32f1xx_ll_utils.o ABSOLUTE
    ../Src/main.c                            0x00000000   Number         0  main.o ABSOLUTE
    ../Src/stm32f1xx_it.c                    0x00000000   Number         0  stm32f1xx_it.o ABSOLUTE
    ../Src/system_stm32f1xx.c                0x00000000   Number         0  system_stm32f1xx.o ABSOLUTE
    ../clib/microlib/init/entry.s            0x00000000   Number         0  entry11a.o ABSOLUTE
    ../clib/microlib/init/entry.s            0x00000000   Number         0  entry11b.o ABSOLUTE
    ../clib/microlib/init/entry.s            0x00000000   Number         0  entry5.o ABSOLUTE
    ../clib/microlib/init/entry.s            0x00000000   Number         0  entry10b.o ABSOLUTE
    ../clib/microlib/init/entry.s            0x00000000   Number         0  entry9b.o ABSOLUTE
    ../clib/microlib/init/entry.s            0x00000000   Number         0  entry9a.o ABSOLUTE
    ../clib/microlib/init/entry.s            0x00000000   Number         0  entry8b.o ABSOLUTE
    ../clib/microlib/init/entry.s            0x00000000   Number         0  entry8a.o ABSOLUTE
    ../clib/microlib/init/entry.s            0x00000000   Number         0  entry7b.o ABSOLUTE
    ../clib/microlib/init/entry.s            0x00000000   Number         0  entry7a.o ABSOLUTE
    ../clib/microlib/init/entry.s            0x00000000   Number         0  entry10a.o ABSOLUTE
    ../clib/microlib/init/entry.s            0x00000000   Number         0  entry.o ABSOLUTE
    ../clib/microlib/init/entry.s            0x00000000   Number         0  entry2.o ABSOLUTE
    ../clib/microlib/string/memset.c         0x00000000   Number         0  memseta.o ABSOLUTE
    ..\Drivers\STM32F1xx_HAL_Driver\Src\stm32f1xx_ll_adc.c 0x00000000   Number         0  stm32f1xx_ll_adc.o ABSOLUTE
    ..\Drivers\STM32F1xx_HAL_Driver\Src\stm32f1xx_ll_dma.c 0x00000000   Number         0  stm32f1xx_ll_dma.o ABSOLUTE
    ..\Drivers\STM32F1xx_HAL_Driver\Src\stm32f1xx_ll_exti.c 0x00000000   Number         0  stm32f1xx_ll_exti.o ABSOLUTE
    ..\Drivers\STM32F1xx_HAL_Driver\Src\stm32f1xx_ll_gpio.c 0x00000000   Number         0  stm32f1xx_ll_gpio.o ABSOLUTE
    ..\Drivers\STM32F1xx_HAL_Driver\Src\stm32f1xx_ll_pwr.c 0x00000000   Number         0  stm32f1xx_ll_pwr.o ABSOLUTE
    ..\Drivers\STM32F1xx_HAL_Driver\Src\stm32f1xx_ll_rcc.c 0x00000000   Number         0  stm32f1xx_ll_rcc.o ABSOLUTE
    ..\Drivers\STM32F1xx_HAL_Driver\Src\stm32f1xx_ll_tim.c 0x00000000   Number         0  stm32f1xx_ll_tim.o ABSOLUTE
    ..\Drivers\STM32F1xx_HAL_Driver\Src\stm32f1xx_ll_utils.c 0x00000000   Number         0  stm32f1xx_ll_utils.o ABSOLUTE
    ..\Src\Lights.c                          0x00000000   Number         0  lights.o ABSOLUTE
    ..\Src\main.c                            0x00000000   Number         0  main.o ABSOLUTE
    ..\Src\stm32f1xx_it.c                    0x00000000   Number         0  stm32f1xx_it.o ABSOLUTE
    ..\Src\system_stm32f1xx.c                0x00000000   Number         0  system_stm32f1xx.o ABSOLUTE
    ..\Src\ws2812b.c                         0x00000000   Number         0  ws2812b.o ABSOLUTE
    ..\\Src\\Lights.c                        0x00000000   Number         0  lights.o ABSOLUTE
    ..\\Src\\ws2812b.c                       0x00000000   Number         0  ws2812b.o ABSOLUTE
    dc.s                                     0x00000000   Number         0  dc.o ABSOLUTE
    handlers.s                               0x00000000   Number         0  handlers.o ABSOLUTE
    init.s                                   0x00000000   Number         0  init.o ABSOLUTE
    startup_stm32f103xb.s                    0x00000000   Number         0  startup_stm32f103xb.o ABSOLUTE
    RESET                                    0x08000000   Section      236  startup_stm32f103xb.o(RESET)
    .ARM.Collect$$$$00000000                 0x080000ec   Section        0  entry.o(.ARM.Collect$$$$00000000)
    .ARM.Collect$$$$00000001                 0x080000ec   Section        4  entry2.o(.ARM.Collect$$$$00000001)
    .ARM.Collect$$$$00000004                 0x080000f0   Section        4  entry5.o(.ARM.Collect$$$$00000004)
    .ARM.Collect$$$$00000008                 0x080000f4   Section        0  entry7b.o(.ARM.Collect$$$$00000008)
    .ARM.Collect$$$$0000000A                 0x080000f4   Section        0  entry8b.o(.ARM.Collect$$$$0000000A)
    .ARM.Collect$$$$0000000B                 0x080000f4   Section        8  entry9a.o(.ARM.Collect$$$$0000000B)
    .ARM.Collect$$$$0000000D                 0x080000fc   Section        0  entry10a.o(.ARM.Collect$$$$0000000D)
    .ARM.Collect$$$$0000000F                 0x080000fc   Section        0  entry11a.o(.ARM.Collect$$$$0000000F)
    .ARM.Collect$$$$00002712                 0x080000fc   Section        4  entry2.o(.ARM.Collect$$$$00002712)
    __lit__00000000                          0x080000fc   Data           4  entry2.o(.ARM.Collect$$$$00002712)
    .text                                    0x08000100   Section       36  startup_stm32f103xb.o(.text)
    .text                                    0x08000124   Section        0  memseta.o(.text)
    .text                                    0x08000148   Section       36  init.o(.text)
    i.Both_Light                             0x0800016c   Section        0  lights.o(i.Both_Light)
    Both_Light                               0x0800016d   Thumb Code   424  lights.o(i.Both_Light)
    i.BusFault_Handler                       0x08000320   Section        0  stm32f1xx_it.o(i.BusFault_Handler)
    i.DMA1_Channel1_IRQHandler               0x08000324   Section        0  stm32f1xx_it.o(i.DMA1_Channel1_IRQHandler)
    i.DMA1_Channel3_IRQHandler               0x08000344   Section        0  stm32f1xx_it.o(i.DMA1_Channel3_IRQHandler)
    i.DebugMon_Handler                       0x08000398   Section        0  stm32f1xx_it.o(i.DebugMon_Handler)
    i.Error_Handler                          0x0800039a   Section        0  main.o(i.Error_Handler)
    i.HardFault_Handler                      0x0800039c   Section        0  stm32f1xx_it.o(i.HardFault_Handler)
    i.LL_ADC_CommonInit                      0x080003a0   Section        0  stm32f1xx_ll_adc.o(i.LL_ADC_CommonInit)
    i.LL_ADC_Init                            0x080003e8   Section        0  stm32f1xx_ll_adc.o(i.LL_ADC_Init)
    i.LL_ADC_IsEnabled                       0x08000418   Section        0  stm32f1xx_ll_adc.o(i.LL_ADC_IsEnabled)
    LL_ADC_IsEnabled                         0x08000419   Thumb Code    10  stm32f1xx_ll_adc.o(i.LL_ADC_IsEnabled)
    i.LL_ADC_REG_Init                        0x08000424   Section        0  stm32f1xx_ll_adc.o(i.LL_ADC_REG_Init)
    i.LL_ADC_REG_SetSequencerRanks           0x0800048c   Section        0  main.o(i.LL_ADC_REG_SetSequencerRanks)
    LL_ADC_REG_SetSequencerRanks             0x0800048d   Thumb Code    56  main.o(i.LL_ADC_REG_SetSequencerRanks)
    i.LL_ADC_SetChannelSamplingTime          0x080004c4   Section        0  main.o(i.LL_ADC_SetChannelSamplingTime)
    LL_ADC_SetChannelSamplingTime            0x080004c5   Thumb Code    82  main.o(i.LL_ADC_SetChannelSamplingTime)
    i.LL_APB1_GRP1_EnableClock               0x08000518   Section        0  main.o(i.LL_APB1_GRP1_EnableClock)
    LL_APB1_GRP1_EnableClock                 0x08000519   Thumb Code    24  main.o(i.LL_APB1_GRP1_EnableClock)
    i.LL_APB2_GRP1_EnableClock               0x08000534   Section        0  main.o(i.LL_APB2_GRP1_EnableClock)
    LL_APB2_GRP1_EnableClock                 0x08000535   Thumb Code    24  main.o(i.LL_APB2_GRP1_EnableClock)
    i.LL_DMA_EnableChannel                   0x08000550   Section        0  ws2812b.o(i.LL_DMA_EnableChannel)
    LL_DMA_EnableChannel                     0x08000551   Thumb Code    24  ws2812b.o(i.LL_DMA_EnableChannel)
    i.LL_DMA_SetChannelPriorityLevel         0x0800056c   Section        0  main.o(i.LL_DMA_SetChannelPriorityLevel)
    LL_DMA_SetChannelPriorityLevel           0x0800056d   Thumb Code    26  main.o(i.LL_DMA_SetChannelPriorityLevel)
    i.LL_DMA_SetDataLength                   0x0800058c   Section        0  ws2812b.o(i.LL_DMA_SetDataLength)
    LL_DMA_SetDataLength                     0x0800058d   Thumb Code    30  ws2812b.o(i.LL_DMA_SetDataLength)
    i.LL_DMA_SetDataTransferDirection        0x080005b0   Section        0  main.o(i.LL_DMA_SetDataTransferDirection)
    LL_DMA_SetDataTransferDirection          0x080005b1   Thumb Code    28  main.o(i.LL_DMA_SetDataTransferDirection)
    i.LL_DMA_SetMemoryIncMode                0x080005d0   Section        0  main.o(i.LL_DMA_SetMemoryIncMode)
    LL_DMA_SetMemoryIncMode                  0x080005d1   Thumb Code    26  main.o(i.LL_DMA_SetMemoryIncMode)
    i.LL_DMA_SetMemorySize                   0x080005f0   Section        0  main.o(i.LL_DMA_SetMemorySize)
    LL_DMA_SetMemorySize                     0x080005f1   Thumb Code    26  main.o(i.LL_DMA_SetMemorySize)
    i.LL_DMA_SetMode                         0x08000610   Section        0  main.o(i.LL_DMA_SetMode)
    LL_DMA_SetMode                           0x08000611   Thumb Code    26  main.o(i.LL_DMA_SetMode)
    i.LL_DMA_SetPeriphIncMode                0x08000630   Section        0  main.o(i.LL_DMA_SetPeriphIncMode)
    LL_DMA_SetPeriphIncMode                  0x08000631   Thumb Code    26  main.o(i.LL_DMA_SetPeriphIncMode)
    i.LL_DMA_SetPeriphSize                   0x08000650   Section        0  main.o(i.LL_DMA_SetPeriphSize)
    LL_DMA_SetPeriphSize                     0x08000651   Thumb Code    26  main.o(i.LL_DMA_SetPeriphSize)
    i.LL_GPIO_Init                           0x08000670   Section        0  stm32f1xx_ll_gpio.o(i.LL_GPIO_Init)
    i.LL_GPIO_IsInputPinSet                  0x08000790   Section        0  main.o(i.LL_GPIO_IsInputPinSet)
    LL_GPIO_IsInputPinSet                    0x08000791   Thumb Code    26  main.o(i.LL_GPIO_IsInputPinSet)
    i.LL_Init1msTick                         0x080007aa   Section        0  stm32f1xx_ll_utils.o(i.LL_Init1msTick)
    i.LL_SetSystemCoreClock                  0x080007c8   Section        0  stm32f1xx_ll_utils.o(i.LL_SetSystemCoreClock)
    i.LL_TIM_CC_EnableChannel                0x080007d4   Section        0  ws2812b.o(i.LL_TIM_CC_EnableChannel)
    LL_TIM_CC_EnableChannel                  0x080007d5   Thumb Code     8  ws2812b.o(i.LL_TIM_CC_EnableChannel)
    i.LL_TIM_DisableARRPreload               0x080007dc   Section        0  main.o(i.LL_TIM_DisableARRPreload)
    LL_TIM_DisableARRPreload                 0x080007dd   Thumb Code    10  main.o(i.LL_TIM_DisableARRPreload)
    i.LL_TIM_DisableMasterSlaveMode          0x080007e6   Section        0  main.o(i.LL_TIM_DisableMasterSlaveMode)
    LL_TIM_DisableMasterSlaveMode            0x080007e7   Thumb Code    10  main.o(i.LL_TIM_DisableMasterSlaveMode)
    i.LL_TIM_Init                            0x080007f0   Section        0  stm32f1xx_ll_tim.o(i.LL_TIM_Init)
    i.LL_TIM_OC_DisableFast                  0x08000874   Section        0  main.o(i.LL_TIM_OC_DisableFast)
    LL_TIM_OC_DisableFast                    0x08000875   Thumb Code    86  main.o(i.LL_TIM_OC_DisableFast)
    i.LL_TIM_OC_EnablePreload                0x080008d4   Section        0  main.o(i.LL_TIM_OC_EnablePreload)
    LL_TIM_OC_EnablePreload                  0x080008d5   Thumb Code    86  main.o(i.LL_TIM_OC_EnablePreload)
    i.LL_TIM_OC_Init                         0x08000934   Section        0  stm32f1xx_ll_tim.o(i.LL_TIM_OC_Init)
    i.LL_TIM_OC_SetCompareCH2                0x08000990   Section        0  stm32f1xx_ll_tim.o(i.LL_TIM_OC_SetCompareCH2)
    LL_TIM_OC_SetCompareCH2                  0x08000991   Thumb Code     4  stm32f1xx_ll_tim.o(i.LL_TIM_OC_SetCompareCH2)
    i.LL_TIM_SetClockSource                  0x08000994   Section        0  main.o(i.LL_TIM_SetClockSource)
    LL_TIM_SetClockSource                    0x08000995   Thumb Code    14  main.o(i.LL_TIM_SetClockSource)
    i.LL_TIM_SetTriggerOutput                0x080009a2   Section        0  main.o(i.LL_TIM_SetTriggerOutput)
    LL_TIM_SetTriggerOutput                  0x080009a3   Thumb Code    12  main.o(i.LL_TIM_SetTriggerOutput)
    i.LL_mDelay                              0x080009ae   Section        0  stm32f1xx_ll_utils.o(i.LL_mDelay)
    i.Left_Light                             0x080009d8   Section        0  lights.o(i.Left_Light)
    Left_Light                               0x080009d9   Thumb Code   300  lights.o(i.Left_Light)
    i.Lights_By_Timer                        0x08000b10   Section        0  lights.o(i.Lights_By_Timer)
    i.Lights_Init                            0x08000b44   Section        0  lights.o(i.Lights_Init)
    i.MX_ADC1_Init                           0x08000b74   Section        0  main.o(i.MX_ADC1_Init)
    MX_ADC1_Init                             0x08000b75   Thumb Code   268  main.o(i.MX_ADC1_Init)
    i.MX_DMA_Init                            0x08000c94   Section        0  main.o(i.MX_DMA_Init)
    MX_DMA_Init                              0x08000c95   Thumb Code    88  main.o(i.MX_DMA_Init)
    i.MX_GPIO_Init                           0x08000cf0   Section        0  main.o(i.MX_GPIO_Init)
    MX_GPIO_Init                             0x08000cf1   Thumb Code    50  main.o(i.MX_GPIO_Init)
    i.MX_TIM3_Init                           0x08000d2c   Section        0  main.o(i.MX_TIM3_Init)
    MX_TIM3_Init                             0x08000d2d   Thumb Code   242  main.o(i.MX_TIM3_Init)
    i.MX_TIM4_Init                           0x08000e2c   Section        0  main.o(i.MX_TIM4_Init)
    MX_TIM4_Init                             0x08000e2d   Thumb Code   108  main.o(i.MX_TIM4_Init)
    i.MemManage_Handler                      0x08000e9c   Section        0  stm32f1xx_it.o(i.MemManage_Handler)
    i.NMI_Handler                            0x08000ea0   Section        0  stm32f1xx_it.o(i.NMI_Handler)
    i.NVIC_EncodePriority                    0x08000ea2   Section        0  main.o(i.NVIC_EncodePriority)
    NVIC_EncodePriority                      0x08000ea3   Thumb Code    64  main.o(i.NVIC_EncodePriority)
    i.OC1Config                              0x08000ee4   Section        0  stm32f1xx_ll_tim.o(i.OC1Config)
    OC1Config                                0x08000ee5   Thumb Code   114  stm32f1xx_ll_tim.o(i.OC1Config)
    i.OC2Config                              0x08000f5c   Section        0  stm32f1xx_ll_tim.o(i.OC2Config)
    OC2Config                                0x08000f5d   Thumb Code   126  stm32f1xx_ll_tim.o(i.OC2Config)
    i.OC3Config                              0x08000fe0   Section        0  stm32f1xx_ll_tim.o(i.OC3Config)
    OC3Config                                0x08000fe1   Thumb Code   114  stm32f1xx_ll_tim.o(i.OC3Config)
    i.OC4Config                              0x08001058   Section        0  stm32f1xx_ll_tim.o(i.OC4Config)
    OC4Config                                0x08001059   Thumb Code    84  stm32f1xx_ll_tim.o(i.OC4Config)
    i.PendSV_Handler                         0x080010b0   Section        0  stm32f1xx_it.o(i.PendSV_Handler)
    i.RefreshMatrix                          0x080010b4   Section        0  ws2812b.o(i.RefreshMatrix)
    i.Right_Light                            0x080010e0   Section        0  lights.o(i.Right_Light)
    Right_Light                              0x080010e1   Thumb Code   310  lights.o(i.Right_Light)
    i.SVC_Handler                            0x08001224   Section        0  stm32f1xx_it.o(i.SVC_Handler)
    i.Set_Stop_Level                         0x08001226   Section        0  lights.o(i.Set_Stop_Level)
    Set_Stop_Level                           0x08001227   Thumb Code    68  lights.o(i.Set_Stop_Level)
    i.Stop_Off                               0x0800126c   Section        0  lights.o(i.Stop_Off)
    i.Stop_On                                0x0800127c   Section        0  lights.o(i.Stop_On)
    i.SysTick_Handler                        0x0800128c   Section        0  stm32f1xx_it.o(i.SysTick_Handler)
    i.SystemClock_Config                     0x08001290   Section        0  main.o(i.SystemClock_Config)
    i.SystemInit                             0x08001394   Section        0  system_stm32f1xx.o(i.SystemInit)
    i.TIM4_IRQHandler                        0x080013ec   Section        0  stm32f1xx_it.o(i.TIM4_IRQHandler)
    i.Turn_Off                               0x08001404   Section        0  lights.o(i.Turn_Off)
    i.Turn_On_Both                           0x08001454   Section        0  lights.o(i.Turn_On_Both)
    i.Turn_On_Left                           0x0800147c   Section        0  lights.o(i.Turn_On_Left)
    i.Turn_On_Right                          0x080014a4   Section        0  lights.o(i.Turn_On_Right)
    i.UsageFault_Handler                     0x080014cc   Section        0  stm32f1xx_it.o(i.UsageFault_Handler)
    i.WS2812Init                             0x080014d0   Section        0  ws2812b.o(i.WS2812Init)
    i.__NVIC_EnableIRQ                       0x080015d8   Section        0  main.o(i.__NVIC_EnableIRQ)
    __NVIC_EnableIRQ                         0x080015d9   Thumb Code    26  main.o(i.__NVIC_EnableIRQ)
    i.__NVIC_GetPriorityGrouping             0x080015f4   Section        0  main.o(i.__NVIC_GetPriorityGrouping)
    __NVIC_GetPriorityGrouping               0x080015f5   Thumb Code    10  main.o(i.__NVIC_GetPriorityGrouping)
    i.__NVIC_SetPriority                     0x08001604   Section        0  main.o(i.__NVIC_SetPriority)
    __NVIC_SetPriority                       0x08001605   Thumb Code    32  main.o(i.__NVIC_SetPriority)
    i.__scatterload_copy                     0x0800162c   Section       14  handlers.o(i.__scatterload_copy)
    i.__scatterload_null                     0x0800163a   Section        2  handlers.o(i.__scatterload_null)
    i.__scatterload_zeroinit                 0x0800163c   Section       14  handlers.o(i.__scatterload_zeroinit)
    i.main                                   0x0800164c   Section        0  main.o(i.main)
    i.setPixel                               0x08001720   Section        0  ws2812b.o(i.setPixel)
    .constdata                               0x0800182c   Section       42  ws2812b.o(.constdata)
    CHANNEL_OFFSET_TAB                       0x0800182c   Data           7  ws2812b.o(.constdata)
    OFFSET_TAB_CCMRx                         0x08001833   Data           7  ws2812b.o(.constdata)
    SHIFT_TAB_OCxx                           0x0800183a   Data           7  ws2812b.o(.constdata)
    SHIFT_TAB_ICxx                           0x08001841   Data           7  ws2812b.o(.constdata)
    SHIFT_TAB_CCxP                           0x08001848   Data           7  ws2812b.o(.constdata)
    SHIFT_TAB_OISx                           0x0800184f   Data           7  ws2812b.o(.constdata)
    .constdata                               0x08001856   Section       42  main.o(.constdata)
    CHANNEL_OFFSET_TAB                       0x08001856   Data           7  main.o(.constdata)
    OFFSET_TAB_CCMRx                         0x0800185d   Data           7  main.o(.constdata)
    SHIFT_TAB_OCxx                           0x08001864   Data           7  main.o(.constdata)
    SHIFT_TAB_ICxx                           0x0800186b   Data           7  main.o(.constdata)
    SHIFT_TAB_CCxP                           0x08001872   Data           7  main.o(.constdata)
    SHIFT_TAB_OISx                           0x08001879   Data           7  main.o(.constdata)
    .constdata                               0x08001880   Section       42  stm32f1xx_it.o(.constdata)
    CHANNEL_OFFSET_TAB                       0x08001880   Data           7  stm32f1xx_it.o(.constdata)
    OFFSET_TAB_CCMRx                         0x08001887   Data           7  stm32f1xx_it.o(.constdata)
    SHIFT_TAB_OCxx                           0x0800188e   Data           7  stm32f1xx_it.o(.constdata)
    SHIFT_TAB_ICxx                           0x08001895   Data           7  stm32f1xx_it.o(.constdata)
    SHIFT_TAB_CCxP                           0x0800189c   Data           7  stm32f1xx_it.o(.constdata)
    SHIFT_TAB_OISx                           0x080018a3   Data           7  stm32f1xx_it.o(.constdata)
    .data                                    0x20000000   Section       17  lights.o(.data)
    Stop_On_Level                            0x20000000   Data           1  lights.o(.data)
    Stop_Off_Level                           0x20000001   Data           1  lights.o(.data)
    level                                    0x20000004   Data           4  lights.o(.data)
    pix                                      0x20000008   Data           4  lights.o(.data)
    led_count                                0x2000000c   Data           4  lights.o(.data)
    current_mode                             0x20000010   Data           1  lights.o(.data)
    .data                                    0x20000014   Section        4  system_stm32f1xx.o(.data)
    .bss                                     0x20000018   Section     1246  ws2812b.o(.bss)
    STACK                                    0x200004f8   Section     1024  startup_stm32f103xb.o(STACK)

    Global Symbols

    Symbol Name                              Value     Ov Type        Size  Object(Section)

    BuildAttributes$$THM_ISAv4$P$D$K$B$S$PE$A:L22UL41UL21$X:L11$S22US41US21$IEEE1$IW$USESV6$~STKCKD$USESV7$~SHL$OSPACE$EBA8$MICROLIB$REQ8$PRES8$EABIv2 0x00000000   Number         0  anon$$obj.o ABSOLUTE
    __ARM_use_no_argv                        0x00000000   Number         0  main.o ABSOLUTE
    __cpp_initialize__aeabi_                  - Undefined Weak Reference
    __cxa_finalize                            - Undefined Weak Reference
    __decompress                              - Undefined Weak Reference
    _clock_init                               - Undefined Weak Reference
    _microlib_exit                            - Undefined Weak Reference
    __Vectors_Size                           0x000000ec   Number         0  startup_stm32f103xb.o ABSOLUTE
    __Vectors                                0x08000000   Data           4  startup_stm32f103xb.o(RESET)
    __Vectors_End                            0x080000ec   Data           0  startup_stm32f103xb.o(RESET)
    __main                                   0x080000ed   Thumb Code     0  entry.o(.ARM.Collect$$$$00000000)
    _main_stk                                0x080000ed   Thumb Code     0  entry2.o(.ARM.Collect$$$$00000001)
    _main_scatterload                        0x080000f1   Thumb Code     0  entry5.o(.ARM.Collect$$$$00000004)
    __main_after_scatterload                 0x080000f5   Thumb Code     0  entry5.o(.ARM.Collect$$$$00000004)
    _main_clock                              0x080000f5   Thumb Code     0  entry7b.o(.ARM.Collect$$$$00000008)
    _main_cpp_init                           0x080000f5   Thumb Code     0  entry8b.o(.ARM.Collect$$$$0000000A)
    _main_init                               0x080000f5   Thumb Code     0  entry9a.o(.ARM.Collect$$$$0000000B)
    __rt_final_cpp                           0x080000fd   Thumb Code     0  entry10a.o(.ARM.Collect$$$$0000000D)
    __rt_final_exit                          0x080000fd   Thumb Code     0  entry11a.o(.ARM.Collect$$$$0000000F)
    Reset_Handler                            0x08000101   Thumb Code     8  startup_stm32f103xb.o(.text)
    ADC1_2_IRQHandler                        0x0800011b   Thumb Code     0  startup_stm32f103xb.o(.text)
    CAN1_RX1_IRQHandler                      0x0800011b   Thumb Code     0  startup_stm32f103xb.o(.text)
    CAN1_SCE_IRQHandler                      0x0800011b   Thumb Code     0  startup_stm32f103xb.o(.text)
    DMA1_Channel2_IRQHandler                 0x0800011b   Thumb Code     0  startup_stm32f103xb.o(.text)
    DMA1_Channel4_IRQHandler                 0x0800011b   Thumb Code     0  startup_stm32f103xb.o(.text)
    DMA1_Channel5_IRQHandler                 0x0800011b   Thumb Code     0  startup_stm32f103xb.o(.text)
    DMA1_Channel6_IRQHandler                 0x0800011b   Thumb Code     0  startup_stm32f103xb.o(.text)
    DMA1_Channel7_IRQHandler                 0x0800011b   Thumb Code     0  startup_stm32f103xb.o(.text)
    EXTI0_IRQHandler                         0x0800011b   Thumb Code     0  startup_stm32f103xb.o(.text)
    EXTI15_10_IRQHandler                     0x0800011b   Thumb Code     0  startup_stm32f103xb.o(.text)
    EXTI1_IRQHandler                         0x0800011b   Thumb Code     0  startup_stm32f103xb.o(.text)
    EXTI2_IRQHandler                         0x0800011b   Thumb Code     0  startup_stm32f103xb.o(.text)
    EXTI3_IRQHandler                         0x0800011b   Thumb Code     0  startup_stm32f103xb.o(.text)
    EXTI4_IRQHandler                         0x0800011b   Thumb Code     0  startup_stm32f103xb.o(.text)
    EXTI9_5_IRQHandler                       0x0800011b   Thumb Code     0  startup_stm32f103xb.o(.text)
    FLASH_IRQHandler                         0x0800011b   Thumb Code     0  startup_stm32f103xb.o(.text)
    I2C1_ER_IRQHandler                       0x0800011b   Thumb Code     0  startup_stm32f103xb.o(.text)
    I2C1_EV_IRQHandler                       0x0800011b   Thumb Code     0  startup_stm32f103xb.o(.text)
    I2C2_ER_IRQHandler                       0x0800011b   Thumb Code     0  startup_stm32f103xb.o(.text)
    I2C2_EV_IRQHandler                       0x0800011b   Thumb Code     0  startup_stm32f103xb.o(.text)
    PVD_IRQHandler                           0x0800011b   Thumb Code     0  startup_stm32f103xb.o(.text)
    RCC_IRQHandler                           0x0800011b   Thumb Code     0  startup_stm32f103xb.o(.text)
    RTC_Alarm_IRQHandler                     0x0800011b   Thumb Code     0  startup_stm32f103xb.o(.text)
    RTC_IRQHandler                           0x0800011b   Thumb Code     0  startup_stm32f103xb.o(.text)
    SPI1_IRQHandler                          0x0800011b   Thumb Code     0  startup_stm32f103xb.o(.text)
    SPI2_IRQHandler                          0x0800011b   Thumb Code     0  startup_stm32f103xb.o(.text)
    TAMPER_IRQHandler                        0x0800011b   Thumb Code     0  startup_stm32f103xb.o(.text)
    TIM1_BRK_IRQHandler                      0x0800011b   Thumb Code     0  startup_stm32f103xb.o(.text)
    TIM1_CC_IRQHandler                       0x0800011b   Thumb Code     0  startup_stm32f103xb.o(.text)
    TIM1_TRG_COM_IRQHandler                  0x0800011b   Thumb Code     0  startup_stm32f103xb.o(.text)
    TIM1_UP_IRQHandler                       0x0800011b   Thumb Code     0  startup_stm32f103xb.o(.text)
    TIM2_IRQHandler                          0x0800011b   Thumb Code     0  startup_stm32f103xb.o(.text)
    TIM3_IRQHandler                          0x0800011b   Thumb Code     0  startup_stm32f103xb.o(.text)
    USART1_IRQHandler                        0x0800011b   Thumb Code     0  startup_stm32f103xb.o(.text)
    USART2_IRQHandler                        0x0800011b   Thumb Code     0  startup_stm32f103xb.o(.text)
    USART3_IRQHandler                        0x0800011b   Thumb Code     0  startup_stm32f103xb.o(.text)
    USBWakeUp_IRQHandler                     0x0800011b   Thumb Code     0  startup_stm32f103xb.o(.text)
    USB_HP_CAN1_TX_IRQHandler                0x0800011b   Thumb Code     0  startup_stm32f103xb.o(.text)
    USB_LP_CAN1_RX0_IRQHandler               0x0800011b   Thumb Code     0  startup_stm32f103xb.o(.text)
    WWDG_IRQHandler                          0x0800011b   Thumb Code     0  startup_stm32f103xb.o(.text)
    __aeabi_memset                           0x08000125   Thumb Code    14  memseta.o(.text)
    __aeabi_memset4                          0x08000125   Thumb Code     0  memseta.o(.text)
    __aeabi_memset8                          0x08000125   Thumb Code     0  memseta.o(.text)
    __aeabi_memclr                           0x08000133   Thumb Code     4  memseta.o(.text)
    __aeabi_memclr4                          0x08000133   Thumb Code     0  memseta.o(.text)
    __aeabi_memclr8                          0x08000133   Thumb Code     0  memseta.o(.text)
    _memset$wrapper                          0x08000137   Thumb Code    18  memseta.o(.text)
    __scatterload                            0x08000149   Thumb Code    28  init.o(.text)
    __scatterload_rt2                        0x08000149   Thumb Code     0  init.o(.text)
    BusFault_Handler                         0x08000321   Thumb Code     4  stm32f1xx_it.o(i.BusFault_Handler)
    DMA1_Channel1_IRQHandler                 0x08000325   Thumb Code    26  stm32f1xx_it.o(i.DMA1_Channel1_IRQHandler)
    DMA1_Channel3_IRQHandler                 0x08000345   Thumb Code    70  stm32f1xx_it.o(i.DMA1_Channel3_IRQHandler)
    DebugMon_Handler                         0x08000399   Thumb Code     2  stm32f1xx_it.o(i.DebugMon_Handler)
    Error_Handler                            0x0800039b   Thumb Code     2  main.o(i.Error_Handler)
    HardFault_Handler                        0x0800039d   Thumb Code     4  stm32f1xx_it.o(i.HardFault_Handler)
    LL_ADC_CommonInit                        0x080003a1   Thumb Code    64  stm32f1xx_ll_adc.o(i.LL_ADC_CommonInit)
    LL_ADC_Init                              0x080003e9   Thumb Code    48  stm32f1xx_ll_adc.o(i.LL_ADC_Init)
    LL_ADC_REG_Init                          0x08000425   Thumb Code    98  stm32f1xx_ll_adc.o(i.LL_ADC_REG_Init)
    LL_GPIO_Init                             0x08000671   Thumb Code   288  stm32f1xx_ll_gpio.o(i.LL_GPIO_Init)
    LL_Init1msTick                           0x080007ab   Thumb Code    28  stm32f1xx_ll_utils.o(i.LL_Init1msTick)
    LL_SetSystemCoreClock                    0x080007c9   Thumb Code     6  stm32f1xx_ll_utils.o(i.LL_SetSystemCoreClock)
    LL_TIM_Init                              0x080007f1   Thumb Code   118  stm32f1xx_ll_tim.o(i.LL_TIM_Init)
    LL_TIM_OC_Init                           0x08000935   Thumb Code    92  stm32f1xx_ll_tim.o(i.LL_TIM_OC_Init)
    LL_mDelay                                0x080009af   Thumb Code    40  stm32f1xx_ll_utils.o(i.LL_mDelay)
    Lights_By_Timer                          0x08000b11   Thumb Code    48  lights.o(i.Lights_By_Timer)
    Lights_Init                              0x08000b45   Thumb Code    44  lights.o(i.Lights_Init)
    MemManage_Handler                        0x08000e9d   Thumb Code     4  stm32f1xx_it.o(i.MemManage_Handler)
    NMI_Handler                              0x08000ea1   Thumb Code     2  stm32f1xx_it.o(i.NMI_Handler)
    PendSV_Handler                           0x080010b1   Thumb Code     2  stm32f1xx_it.o(i.PendSV_Handler)
    RefreshMatrix                            0x080010b5   Thumb Code    34  ws2812b.o(i.RefreshMatrix)
    SVC_Handler                              0x08001225   Thumb Code     2  stm32f1xx_it.o(i.SVC_Handler)
    Stop_Off                                 0x0800126d   Thumb Code    12  lights.o(i.Stop_Off)
    Stop_On                                  0x0800127d   Thumb Code    12  lights.o(i.Stop_On)
    SysTick_Handler                          0x0800128d   Thumb Code     2  stm32f1xx_it.o(i.SysTick_Handler)
    SystemClock_Config                       0x08001291   Thumb Code   248  main.o(i.SystemClock_Config)
    SystemInit                               0x08001395   Thumb Code    70  system_stm32f1xx.o(i.SystemInit)
    TIM4_IRQHandler                          0x080013ed   Thumb Code    20  stm32f1xx_it.o(i.TIM4_IRQHandler)
    Turn_Off                                 0x08001405   Thumb Code    68  lights.o(i.Turn_Off)
    Turn_On_Both                             0x08001455   Thumb Code    32  lights.o(i.Turn_On_Both)
    Turn_On_Left                             0x0800147d   Thumb Code    30  lights.o(i.Turn_On_Left)
    Turn_On_Right                            0x080014a5   Thumb Code    32  lights.o(i.Turn_On_Right)
    UsageFault_Handler                       0x080014cd   Thumb Code     4  stm32f1xx_it.o(i.UsageFault_Handler)
    WS2812Init                               0x080014d1   Thumb Code   248  ws2812b.o(i.WS2812Init)
    __scatterload_copy                       0x0800162d   Thumb Code    14  handlers.o(i.__scatterload_copy)
    __scatterload_null                       0x0800163b   Thumb Code     2  handlers.o(i.__scatterload_null)
    __scatterload_zeroinit                   0x0800163d   Thumb Code    14  handlers.o(i.__scatterload_zeroinit)
    main                                     0x0800164d   Thumb Code   188  main.o(i.main)
    setPixel                                 0x08001721   Thumb Code   264  ws2812b.o(i.setPixel)
    Region$$Table$$Base                      0x080018ac   Number         0  anon$$obj.o(Region$$Table)
    Region$$Table$$Limit                     0x080018cc   Number         0  anon$$obj.o(Region$$Table)
    SystemCoreClock                          0x20000014   Data           4  system_stm32f1xx.o(.data)
    MatrixSource                             0x20000018   Data        1246  ws2812b.o(.bss)
    __initial_sp                             0x200008f8   Data           0  startup_stm32f103xb.o(STACK)



==============================================================================

Memory Map of the image

  Image Entry point : 0x080000ed

  Load Region LR_IROM1 (Base: 0x08000000, Size: 0x000018e4, Max: 0x00010000, ABSOLUTE)

    Execution Region ER_IROM1 (Exec base: 0x08000000, Load base: 0x08000000, Size: 0x000018cc, Max: 0x00010000, ABSOLUTE)

    Exec Addr    Load Addr    Size         Type   Attr      Idx    E Section Name        Object

    0x08000000   0x08000000   0x000000ec   Data   RO            3    RESET               startup_stm32f103xb.o
    0x080000ec   0x080000ec   0x00000000   Code   RO         1182  * .ARM.Collect$$$$00000000  mc_w.l(entry.o)
    0x080000ec   0x080000ec   0x00000004   Code   RO         1187    .ARM.Collect$$$$00000001  mc_w.l(entry2.o)
    0x080000f0   0x080000f0   0x00000004   Code   RO         1190    .ARM.Collect$$$$00000004  mc_w.l(entry5.o)
    0x080000f4   0x080000f4   0x00000000   Code   RO         1192    .ARM.Collect$$$$00000008  mc_w.l(entry7b.o)
    0x080000f4   0x080000f4   0x00000000   Code   RO         1194    .ARM.Collect$$$$0000000A  mc_w.l(entry8b.o)
    0x080000f4   0x080000f4   0x00000008   Code   RO         1195    .ARM.Collect$$$$0000000B  mc_w.l(entry9a.o)
    0x080000fc   0x080000fc   0x00000000   Code   RO         1197    .ARM.Collect$$$$0000000D  mc_w.l(entry10a.o)
    0x080000fc   0x080000fc   0x00000000   Code   RO         1199    .ARM.Collect$$$$0000000F  mc_w.l(entry11a.o)
    0x080000fc   0x080000fc   0x00000004   Code   RO         1188    .ARM.Collect$$$$00002712  mc_w.l(entry2.o)
    0x08000100   0x08000100   0x00000024   Code   RO            4    .text               startup_stm32f103xb.o
    0x08000124   0x08000124   0x00000024   Code   RO         1185    .text               mc_w.l(memseta.o)
    0x08000148   0x08000148   0x00000024   Code   RO         1201    .text               mc_w.l(init.o)
    0x0800016c   0x0800016c   0x000001b4   Code   RO          137    i.Both_Light        lights.o
    0x08000320   0x08000320   0x00000004   Code   RO          439    i.BusFault_Handler  stm32f1xx_it.o
    0x08000324   0x08000324   0x00000020   Code   RO          440    i.DMA1_Channel1_IRQHandler  stm32f1xx_it.o
    0x08000344   0x08000344   0x00000054   Code   RO          441    i.DMA1_Channel3_IRQHandler  stm32f1xx_it.o
    0x08000398   0x08000398   0x00000002   Code   RO          442    i.DebugMon_Handler  stm32f1xx_it.o
    0x0800039a   0x0800039a   0x00000002   Code   RO          235    i.Error_Handler     main.o
    0x0800039c   0x0800039c   0x00000004   Code   RO          443    i.HardFault_Handler  stm32f1xx_it.o
    0x080003a0   0x080003a0   0x00000048   Code   RO          593    i.LL_ADC_CommonInit  stm32f1xx_ll_adc.o
    0x080003e8   0x080003e8   0x00000030   Code   RO          598    i.LL_ADC_Init       stm32f1xx_ll_adc.o
    0x08000418   0x08000418   0x0000000a   Code   RO          599    i.LL_ADC_IsEnabled  stm32f1xx_ll_adc.o
    0x08000422   0x08000422   0x00000002   PAD
    0x08000424   0x08000424   0x00000068   Code   RO          600    i.LL_ADC_REG_Init   stm32f1xx_ll_adc.o
    0x0800048c   0x0800048c   0x00000038   Code   RO          236    i.LL_ADC_REG_SetSequencerRanks  main.o
    0x080004c4   0x080004c4   0x00000052   Code   RO          237    i.LL_ADC_SetChannelSamplingTime  main.o
    0x08000516   0x08000516   0x00000002   PAD
    0x08000518   0x08000518   0x0000001c   Code   RO          238    i.LL_APB1_GRP1_EnableClock  main.o
    0x08000534   0x08000534   0x0000001c   Code   RO          239    i.LL_APB2_GRP1_EnableClock  main.o
    0x08000550   0x08000550   0x0000001c   Code   RO           13    i.LL_DMA_EnableChannel  ws2812b.o
    0x0800056c   0x0800056c   0x00000020   Code   RO          240    i.LL_DMA_SetChannelPriorityLevel  main.o
    0x0800058c   0x0800058c   0x00000024   Code   RO           14    i.LL_DMA_SetDataLength  ws2812b.o
    0x080005b0   0x080005b0   0x00000020   Code   RO          241    i.LL_DMA_SetDataTransferDirection  main.o
    0x080005d0   0x080005d0   0x00000020   Code   RO          242    i.LL_DMA_SetMemoryIncMode  main.o
    0x080005f0   0x080005f0   0x00000020   Code   RO          243    i.LL_DMA_SetMemorySize  main.o
    0x08000610   0x08000610   0x00000020   Code   RO          244    i.LL_DMA_SetMode    main.o
    0x08000630   0x08000630   0x00000020   Code   RO          245    i.LL_DMA_SetPeriphIncMode  main.o
    0x08000650   0x08000650   0x00000020   Code   RO          246    i.LL_DMA_SetPeriphSize  main.o
    0x08000670   0x08000670   0x00000120   Code   RO          543    i.LL_GPIO_Init      stm32f1xx_ll_gpio.o
    0x08000790   0x08000790   0x0000001a   Code   RO          247    i.LL_GPIO_IsInputPinSet  main.o
    0x080007aa   0x080007aa   0x0000001c   Code   RO          799    i.LL_Init1msTick    stm32f1xx_ll_utils.o
    0x080007c6   0x080007c6   0x00000002   PAD
    0x080007c8   0x080007c8   0x0000000c   Code   RO          806    i.LL_SetSystemCoreClock  stm32f1xx_ll_utils.o
    0x080007d4   0x080007d4   0x00000008   Code   RO           15    i.LL_TIM_CC_EnableChannel  ws2812b.o
    0x080007dc   0x080007dc   0x0000000a   Code   RO          248    i.LL_TIM_DisableARRPreload  main.o
    0x080007e6   0x080007e6   0x0000000a   Code   RO          249    i.LL_TIM_DisableMasterSlaveMode  main.o
    0x080007f0   0x080007f0   0x00000084   Code   RO         1004    i.LL_TIM_Init       stm32f1xx_ll_tim.o
    0x08000874   0x08000874   0x00000060   Code   RO          250    i.LL_TIM_OC_DisableFast  main.o
    0x080008d4   0x080008d4   0x00000060   Code   RO          251    i.LL_TIM_OC_EnablePreload  main.o
    0x08000934   0x08000934   0x0000005c   Code   RO         1005    i.LL_TIM_OC_Init    stm32f1xx_ll_tim.o
    0x08000990   0x08000990   0x00000004   Code   RO         1006    i.LL_TIM_OC_SetCompareCH2  stm32f1xx_ll_tim.o
    0x08000994   0x08000994   0x0000000e   Code   RO          252    i.LL_TIM_SetClockSource  main.o
    0x080009a2   0x080009a2   0x0000000c   Code   RO          253    i.LL_TIM_SetTriggerOutput  main.o
    0x080009ae   0x080009ae   0x00000028   Code   RO          807    i.LL_mDelay         stm32f1xx_ll_utils.o
    0x080009d6   0x080009d6   0x00000002   PAD
    0x080009d8   0x080009d8   0x00000138   Code   RO          138    i.Left_Light        lights.o
    0x08000b10   0x08000b10   0x00000034   Code   RO          139    i.Lights_By_Timer   lights.o
    0x08000b44   0x08000b44   0x00000030   Code   RO          140    i.Lights_Init       lights.o
    0x08000b74   0x08000b74   0x00000120   Code   RO          254    i.MX_ADC1_Init      main.o
    0x08000c94   0x08000c94   0x0000005c   Code   RO          255    i.MX_DMA_Init       main.o
    0x08000cf0   0x08000cf0   0x0000003c   Code   RO          256    i.MX_GPIO_Init      main.o
    0x08000d2c   0x08000d2c   0x00000100   Code   RO          257    i.MX_TIM3_Init      main.o
    0x08000e2c   0x08000e2c   0x00000070   Code   RO          258    i.MX_TIM4_Init      main.o
    0x08000e9c   0x08000e9c   0x00000004   Code   RO          444    i.MemManage_Handler  stm32f1xx_it.o
    0x08000ea0   0x08000ea0   0x00000002   Code   RO          445    i.NMI_Handler       stm32f1xx_it.o
    0x08000ea2   0x08000ea2   0x00000040   Code   RO          259    i.NVIC_EncodePriority  main.o
    0x08000ee2   0x08000ee2   0x00000002   PAD
    0x08000ee4   0x08000ee4   0x00000078   Code   RO         1009    i.OC1Config         stm32f1xx_ll_tim.o
    0x08000f5c   0x08000f5c   0x00000084   Code   RO         1010    i.OC2Config         stm32f1xx_ll_tim.o
    0x08000fe0   0x08000fe0   0x00000078   Code   RO         1011    i.OC3Config         stm32f1xx_ll_tim.o
    0x08001058   0x08001058   0x00000058   Code   RO         1012    i.OC4Config         stm32f1xx_ll_tim.o
    0x080010b0   0x080010b0   0x00000002   Code   RO          446    i.PendSV_Handler    stm32f1xx_it.o
    0x080010b2   0x080010b2   0x00000002   PAD
    0x080010b4   0x080010b4   0x0000002c   Code   RO           16    i.RefreshMatrix     ws2812b.o
    0x080010e0   0x080010e0   0x00000144   Code   RO          141    i.Right_Light       lights.o
    0x08001224   0x08001224   0x00000002   Code   RO          447    i.SVC_Handler       stm32f1xx_it.o
    0x08001226   0x08001226   0x00000044   Code   RO          142    i.Set_Stop_Level    lights.o
    0x0800126a   0x0800126a   0x00000002   PAD
    0x0800126c   0x0800126c   0x00000010   Code   RO          143    i.Stop_Off          lights.o
    0x0800127c   0x0800127c   0x00000010   Code   RO          144    i.Stop_On           lights.o
    0x0800128c   0x0800128c   0x00000002   Code   RO          448    i.SysTick_Handler   stm32f1xx_it.o
    0x0800128e   0x0800128e   0x00000002   PAD
    0x08001290   0x08001290   0x00000104   Code   RO          260    i.SystemClock_Config  main.o
    0x08001394   0x08001394   0x00000058   Code   RO         1149    i.SystemInit        system_stm32f1xx.o
    0x080013ec   0x080013ec   0x00000018   Code   RO          449    i.TIM4_IRQHandler   stm32f1xx_it.o
    0x08001404   0x08001404   0x00000050   Code   RO          145    i.Turn_Off          lights.o
    0x08001454   0x08001454   0x00000028   Code   RO          146    i.Turn_On_Both      lights.o
    0x0800147c   0x0800147c   0x00000028   Code   RO          147    i.Turn_On_Left      lights.o
    0x080014a4   0x080014a4   0x00000028   Code   RO          148    i.Turn_On_Right     lights.o
    0x080014cc   0x080014cc   0x00000004   Code   RO          450    i.UsageFault_Handler  stm32f1xx_it.o
    0x080014d0   0x080014d0   0x00000108   Code   RO           17    i.WS2812Init        ws2812b.o
    0x080015d8   0x080015d8   0x0000001a   Code   RO          261    i.__NVIC_EnableIRQ  main.o
    0x080015f2   0x080015f2   0x00000002   PAD
    0x080015f4   0x080015f4   0x00000010   Code   RO          262    i.__NVIC_GetPriorityGrouping  main.o
    0x08001604   0x08001604   0x00000028   Code   RO          263    i.__NVIC_SetPriority  main.o
    0x0800162c   0x0800162c   0x0000000e   Code   RO         1205    i.__scatterload_copy  mc_w.l(handlers.o)
    0x0800163a   0x0800163a   0x00000002   Code   RO         1206    i.__scatterload_null  mc_w.l(handlers.o)
    0x0800163c   0x0800163c   0x0000000e   Code   RO         1207    i.__scatterload_zeroinit  mc_w.l(handlers.o)
    0x0800164a   0x0800164a   0x00000002   PAD
    0x0800164c   0x0800164c   0x000000d4   Code   RO          264    i.main              main.o
    0x08001720   0x08001720   0x0000010c   Code   RO           18    i.setPixel          ws2812b.o
    0x0800182c   0x0800182c   0x0000002a   Data   RO           20    .constdata          ws2812b.o
    0x08001856   0x08001856   0x0000002a   Data   RO          265    .constdata          main.o
    0x08001880   0x08001880   0x0000002a   Data   RO          451    .constdata          stm32f1xx_it.o
    0x080018aa   0x080018aa   0x00000002   PAD
    0x080018ac   0x080018ac   0x00000020   Data   RO         1203    Region$$Table       anon$$obj.o


    Execution Region RW_IRAM1 (Exec base: 0x20000000, Load base: 0x080018cc, Size: 0x000008f8, Max: 0x00005000, ABSOLUTE)

    Exec Addr    Load Addr    Size         Type   Attr      Idx    E Section Name        Object

    0x20000000   0x080018cc   0x00000011   Data   RW          150    .data               lights.o
    0x20000011   0x080018dd   0x00000003   PAD
    0x20000014   0x080018e0   0x00000004   Data   RW         1151    .data               system_stm32f1xx.o
    0x20000018        -       0x000004de   Zero   RW           19    .bss                ws2812b.o
    0x200004f6   0x080018e4   0x00000002   PAD
    0x200004f8        -       0x00000400   Zero   RW            1    STACK               startup_stm32f103xb.o


==============================================================================

Image component sizes


      Code (inc. data)   RO Data    RW Data    ZI Data      Debug   Object Name

      1472         92          0         17          0      43042   lights.o
      2110        170         42          0          0     131639   main.o
        36          8        236          0       1024        872   startup_stm32f103xb.o
       166         24         42          0          0      42298   stm32f1xx_it.o
       234         14          0          0          0      39188   stm32f1xx_ll_adc.o
       288          0          0          0          0      10695   stm32f1xx_ll_gpio.o
       688         36          0          0          0      34139   stm32f1xx_ll_tim.o
        80          6          0          0          0       5745   stm32f1xx_ll_utils.o
        88         18          0          4          0       1367   system_stm32f1xx.o
       648         40         42          0       1246     383115   ws2812b.o

    ----------------------------------------------------------------------
      5828        408        396         24       2272     692100   Object Totals
         0          0         32          0          0          0   (incl. Generated)
        18          0          2          3          2          0   (incl. Padding)

    ----------------------------------------------------------------------

      Code (inc. data)   RO Data    RW Data    ZI Data      Debug   Library Member Name

         0          0          0          0          0          0   entry.o
         0          0          0          0          0          0   entry10a.o
         0          0          0          0          0          0   entry11a.o
         8          4          0          0          0          0   entry2.o
         4          0          0          0          0          0   entry5.o
         0          0          0          0          0          0   entry7b.o
         0          0          0          0          0          0   entry8b.o
         8          4          0          0          0          0   entry9a.o
        30          0          0          0          0          0   handlers.o
        36          8          0          0          0         68   init.o
        36          0          0          0          0        108   memseta.o

    ----------------------------------------------------------------------
       124         16          0          0          0        176   Library Totals
         2          0          0          0          0          0   (incl. Padding)

    ----------------------------------------------------------------------

      Code (inc. data)   RO Data    RW Data    ZI Data      Debug   Library Name

       122         16          0          0          0        176   mc_w.l

    ----------------------------------------------------------------------
       124         16          0          0          0        176   Library Totals

    ----------------------------------------------------------------------

==============================================================================


      Code (inc. data)   RO Data    RW Data    ZI Data      Debug   

      5952        424        396         24       2272     688684   Grand Totals
      5952        424        396         24       2272     688684   ELF Image Totals
      5952        424        396         24          0          0   ROM Totals

==============================================================================

    Total RO  Size (Code + RO Data)                 6348 (   6.20kB)
    Total RW  Size (RW Data + ZI Data)              2296 (   2.24kB)
    Total ROM Size (Code + RO Data + RW Data)       6372 (   6.22kB)

==============================================================================

